J08 — Simulation Run journey test
Timestamp: 2026-05-27T07:14:34.919224
Mode: HEADLESS

=== 1. Engine Import ===
  ✅ tim2_editor.engine imports

=== 2. PhysicsWorld Creation ===
  ✅ PhysicsWorld created with 1 part

=== 3. Simulation Ticks (200 cycles) ===
  tick    0: pos=( 100,  50) vel=(0,0)
  tick   40: pos=( 100,  50) vel=(0,0)
  tick   80: pos=( 100,  50) vel=(0,0)
  tick  120: pos=( 100,  50) vel=(0,0)
  tick  160: pos=( 100,  50) vel=(0,0)
  Final: pos=( 100,  50) start=( 100,  50)
  ❌ Ball moved in y direction — dy=0 (gravity applied)
  NOTE: Ball may have started on ground or gravity not applied without PAR data
  ✅ 200 ticks completed without error

=== 4. Collision Verification ===
  ✅ Ball/floor collision detection — AABB overlap True

==================================================
RESULTS: 4 passed, 1 failed
Full log: /home/glauber/gmrodrigues.github.com/the-incredible-machine-2-reverse-engineering/build/phase-20/logs/J08_20260527_071434.log
