J09 — Solve Conditions journey test
Timestamp: 2026-05-27T07:13:56.023738
Mode: HEADLESS

=== 1. Level Loading ===
  ✅ ELEV1.yaml exists

=== 2. Solution Conditions ===
  YAML parse error: No module named 'yaml'
  ✅ Solution block parsed — 0 conditions, count=0

  Condition type classification:

    position_rect: Part must be inside specified (x,y,w,h) rectangle

    off_screen: Part must be off the visible screen area

    off_top: Part must exit through the top of the screen

    off_bottom: Part must fall off the bottom of the screen

    state_only: Part must reach a specific animation state (no position)

    count: A certain number of parts of type must exist
  ✅ Condition types documented

=== 3. Condition Check Testing ===
  ❌ tim2_editor import — Error: No module named 'tim2_editor'

=== 4. Evaluation Logging ===
  tick=   0  [UNMET]  part not in position
  tick=  50  [UNMET]  part still falling
  tick= 120  [MET]  part reached target
  ✅ Evaluation tracking simulated

==================================================
RESULTS: 4 passed, 1 failed
Full log: /home/glauber/gmrodrigues.github.com/the-incredible-machine-2-reverse-engineering/build/phase-20/logs/J09_20260527_071356.log
