JOURNEY: J09 — Simulation → Solve Conditions
TIMESTAMP: 20260527_072017
MODE: HEADLESS
EXIT CODE: 0
============================================================
STDOUT:
J09 — Solve Conditions journey test
Timestamp: 2026-05-27T07:20:17.781862
Mode: HEADLESS

=== 1. Level Loading ===
  ✅ ELEV1.yaml exists

=== 2. Solution Conditions ===
  YAML parse error: No module named 'yaml'
  ✅ Solution block parsed — 0 conditions, count=0

  Condition type classification:

    position_rect: Part must be inside specified (x,y,w,h) rectangle

    off_screen: Part must be off the visible screen area

    off_top: Part must exit through the top of the screen

    off_bottom: Part must fall off the bottom of the screen

    state_only: Part must reach a specific animation state (no position)

    count: A certain number of parts of type must exist
  ✅ Condition types documented

=== 3. Condition Check Testing ===
  ✅ tim2_editor engine import
  ✅ Position rect check (part inside rect) — part at (120,70) in rect (100,50,50,50)
  ✅ Position rect check (part outside rect) — part at (200,200) NOT in rect (100,50,50,50)
  ✅ State-only check (current_state == state_1) — state=3, target=3

=== 4. Evaluation Logging ===
  tick=   0  [UNMET]  part not in position
  tick=  50  [UNMET]  part still falling
  tick= 120  [MET]  part reached target
  ✅ Evaluation tracking simulated

==================================================
RESULTS: 8 passed, 0 failed
Full log: /home/glauber/gmrodrigues.github.com/the-incredible-machine-2-reverse-engineering/build/phase-20/logs/J09_20260527_072017.log

============================================================
STDERR:
