J10 — Save & Load journey test
Timestamp: 2026-05-27T08:44:17.580920
Mode: HEADLESS

=== 1. Level Loading ===
  ✅ ELEV1.yaml exists
  ✅ Level data loaded
  Fixed parts: 104, Moving parts: 1
  ✅ Parts list accessible — total=105

=== 2. Part Modification Tracking ===
  Before: part at (100, 50)
  After:  part at (200, 150)
  ✅ Position modified — delta=(100,100)

=== 3. Serialization / Field Integrity ===
  ✅ Required fields present — 13/13 fields, missing=[]

=== 4. Temp JSON Save/Load Round-Trip ===
  Saved: /tmp/tmp1cha_lpa.json
  ✅ Round-trip fidelity — All 13 fields match after save/load
  Temp file cleaned up

=== 5. Modified Indicator ===
  ✅ Modified indicator works — Dirty flag: True

==================================================
RESULTS: 7 passed, 0 failed
Full log: /home/glauber/gmrodrigues.github.com/the-incredible-machine-2-reverse-engineering/build/phase-20/logs/J10_20260527_084417.log
