JOURNEY: J13 — Hints & Info Dialogs
TIMESTAMP: 20260527_072017
MODE: HEADLESS
EXIT CODE: 0
============================================================
STDOUT:
J13 — Hints & Info journey test
Timestamp: 2026-05-27T07:20:17.950487
Mode: HEADLESS

=== 1. Asset Existence ===
  ✅ INFO ANM files — 119 INFO JSONs

=== 2. Part Info Dialog (Type 0 — Bowling Ball) ===
  Part Name: Bowling Ball
  Part Type: 0
  Category:  Balls
  Solve Name: Bowling Ball
  Description: This bowling ball is very heavy and doesn't bounce much.
  ANM: PART0 (8 frames, 1 states)
  ANM States: [1]
  ✅ Part info dialog data complete

  --- Sample part info lookups ---
  [  1] Brick Wall (This brick wall or floor can be stretched vertically or horizontally t...)
  [  4] Balloon (This balloon can be programmed to have four different appearances, whi...)
  [ 23] Boat Cleat (Any object that can be tied with a rope may be hitched to this boat cl...)
  [ 54] Mel Schlemming (Meet Mel Schlemming. Mel walks mindlessly forward until he bumps into ...)
  ✅ Multiple part lookups work

=== 3. Hints from ELEV1.yaml ===
  Active hints: 2
  Total entries: 2
  Hint 1: (285, 73) icon_flip=1
    "Mel could walk through this pipe... if there were one here."
  Hint 2: (320, 247) icon_flip=0
    "This looks like a good place for an anti-gravity pad."
  ✅ Hints parsed from ELEV1 — 2 hints, 2 active

=== 4. Hint Position Markers ===
  Hint marker at (285, 73): in_view=Yes
  Hint marker at (320, 247): in_view=Yes
  ✅ Hint positions in viewport

==================================================
RESULTS: 5 passed, 0 failed
Full log: /home/glauber/gmrodrigues.github.com/the-incredible-machine-2-reverse-engineering/build/phase-20/logs/J13_20260527_072017.log

============================================================
STDERR:
